================== Using TwoPunctures ==================
Depending ../../Source/utils/SmallDataIO.cpp ...
Depending ../../Source/GRChomboCore/BoundaryConditions.cpp ...
Depending ../../Source/GRChomboCore/GRAMR.cpp ...
Depending ../../Source/GRChomboCore/GRAMRLevel.cpp ...
Depending ../../Source/GRChomboCore/GRLevelData.cpp ...
Depending ../../Source/ApparentHorizonFinder/PETScCommunicator.cpp ...
Depending ../../Source/BlackHoles/PunctureTracker.cpp ...
Depending Main_ScalarField2D.cpp ...
Depending ScalarField2DLevel.cpp ...
================== Using TwoPunctures ==================
make --no-print-directory --directory=/cephfs/home/gam54/Chombo/lib/src/BaseTools  lib
make --no-print-directory --directory=/cephfs/home/gam54/Chombo/lib/src/BoxTools  lib
make --no-print-directory --directory=/cephfs/home/gam54/Chombo/lib/src/AMRTools  lib
make --no-print-directory --directory=/cephfs/home/gam54/Chombo/lib/src/AMRTimeDependent  lib
make[2]: Nothing to be done for 'lib'.
make[2]: Nothing to be done for 'lib'.
make[2]: Nothing to be done for 'lib'.
make[2]: Nothing to be done for 'lib'.
================== Using TwoPunctures ==================
mpicxx  -g -O3 -march=native -ffast-math -funroll-loops -std=c++14 -Wno-unused-but-set-variable -Wno-long-long -Wno-sign-compare -Wno-deprecated -ftemplate-depth-99  -Wno-unused-local-typedefs -Wno-literal-suffix -Wno-invalid-offsetof -Wno-variadic-macros -fopenmp    -DCH_SPACEDIM=2 -DCH_Linux   -DNDEBUG  -DCH_MPI -DMPICH_SKIP_MPICXX -ULAM_WANT_MPI2CPP -DMPI_NO_CPPBIND     -DCH_USE_COMPLEX -DCH_NAMESPACE      -DCH_USE_64    -DCH_USE_DOUBLE -DCH_USE_HDF5 -I/usr/local/software/spack/spack-views/maths-2024.1/hdf5-1.14.3/gcc-11.4.0/openmpi-5.0.3/yazuxb7xjl6hib3jadr64357xknk2onh//include -DUSE_TWOPUNCTURES  -I. -I../../Source/utils -I../../Source/simd -I../../Source/CCZ4 -I../../Source/Matter -I../../Source/Cartoon -I../../Source/BoxUtils -I../../Source/GRChomboCore -I../../Source/TaggingCriteria -I../../Source/AMRInterpolator -I../../Source/InitialConditions/BlackHoles -I../../Source/InitialConditions/ScalarFields -I../../Source/InitialConditions/BosonStars -I../../Source/InitialConditions/ThinShell -I../../Source/InitialConditions/BosonStars/SingleStar -I../../Source/ApparentHorizonFinder -I../../Source/BlackHoles     -DCH_USE_LAPACK   -DCH_FORT_UNDERSCORE -I/cephfs/home/gam54/Chombo/lib//src/AMRTimeDependent -I/cephfs/home/gam54/Chombo/lib//src/AMRTools -I/cephfs/home/gam54/Chombo/lib//src/BoxTools -I/cephfs/home/gam54/Chombo/lib//src/BaseTools   -DUSE_AHFINDER -I/usr/local/software/spack/spack-views/maths-2024.1/petsc-3.21.1/gcc-11.4.0/openmpi-5.0.3/xp576je5obiryoo4ihelore2w3l25cb3/include -DCH_LANG_CC -c Main_ScalarField2D.cpp -o o/2d_ch.Linux.64.mpicxx.gfortran.OPTHIGH.MPI.OPENMPCC.GCC11.4.0/Main_ScalarField2D.o
mpicxx  -g -O3 -march=native -ffast-math -funroll-loops -std=c++14 -Wno-unused-but-set-variable -Wno-long-long -Wno-sign-compare -Wno-deprecated -ftemplate-depth-99  -Wno-unused-local-typedefs -Wno-literal-suffix -Wno-invalid-offsetof -Wno-variadic-macros -fopenmp    -DCH_SPACEDIM=2 -DCH_Linux   -DNDEBUG  -DCH_MPI -DMPICH_SKIP_MPICXX -ULAM_WANT_MPI2CPP -DMPI_NO_CPPBIND     -DCH_USE_COMPLEX -DCH_NAMESPACE      -DCH_USE_64    -DCH_USE_DOUBLE -DCH_USE_HDF5 -I/usr/local/software/spack/spack-views/maths-2024.1/hdf5-1.14.3/gcc-11.4.0/openmpi-5.0.3/yazuxb7xjl6hib3jadr64357xknk2onh//include -DUSE_TWOPUNCTURES  -I. -I../../Source/utils -I../../Source/simd -I../../Source/CCZ4 -I../../Source/Matter -I../../Source/Cartoon -I../../Source/BoxUtils -I../../Source/GRChomboCore -I../../Source/TaggingCriteria -I../../Source/AMRInterpolator -I../../Source/InitialConditions/BlackHoles -I../../Source/InitialConditions/ScalarFields -I../../Source/InitialConditions/BosonStars -I../../Source/InitialConditions/ThinShell -I../../Source/InitialConditions/BosonStars/SingleStar -I../../Source/ApparentHorizonFinder -I../../Source/BlackHoles     -DCH_USE_LAPACK   -DCH_FORT_UNDERSCORE -I/cephfs/home/gam54/Chombo/lib//src/AMRTimeDependent -I/cephfs/home/gam54/Chombo/lib//src/AMRTools -I/cephfs/home/gam54/Chombo/lib//src/BoxTools -I/cephfs/home/gam54/Chombo/lib//src/BaseTools   -DUSE_AHFINDER -I/usr/local/software/spack/spack-views/maths-2024.1/petsc-3.21.1/gcc-11.4.0/openmpi-5.0.3/xp576je5obiryoo4ihelore2w3l25cb3/include -DCH_LANG_CC -c ../../Source/utils/SmallDataIO.cpp -o o/2d_ch.Linux.64.mpicxx.gfortran.OPTHIGH.MPI.OPENMPCC.GCC11.4.0/SmallDataIO.o
mpicxx  -g -O3 -march=native -ffast-math -funroll-loops -std=c++14 -Wno-unused-but-set-variable -Wno-long-long -Wno-sign-compare -Wno-deprecated -ftemplate-depth-99  -Wno-unused-local-typedefs -Wno-literal-suffix -Wno-invalid-offsetof -Wno-variadic-macros -fopenmp    -DCH_SPACEDIM=2 -DCH_Linux   -DNDEBUG  -DCH_MPI -DMPICH_SKIP_MPICXX -ULAM_WANT_MPI2CPP -DMPI_NO_CPPBIND     -DCH_USE_COMPLEX -DCH_NAMESPACE      -DCH_USE_64    -DCH_USE_DOUBLE -DCH_USE_HDF5 -I/usr/local/software/spack/spack-views/maths-2024.1/hdf5-1.14.3/gcc-11.4.0/openmpi-5.0.3/yazuxb7xjl6hib3jadr64357xknk2onh//include -DUSE_TWOPUNCTURES  -I. -I../../Source/utils -I../../Source/simd -I../../Source/CCZ4 -I../../Source/Matter -I../../Source/Cartoon -I../../Source/BoxUtils -I../../Source/GRChomboCore -I../../Source/TaggingCriteria -I../../Source/AMRInterpolator -I../../Source/InitialConditions/BlackHoles -I../../Source/InitialConditions/ScalarFields -I../../Source/InitialConditions/BosonStars -I../../Source/InitialConditions/ThinShell -I../../Source/InitialConditions/BosonStars/SingleStar -I../../Source/ApparentHorizonFinder -I../../Source/BlackHoles     -DCH_USE_LAPACK   -DCH_FORT_UNDERSCORE -I/cephfs/home/gam54/Chombo/lib//src/AMRTimeDependent -I/cephfs/home/gam54/Chombo/lib//src/AMRTools -I/cephfs/home/gam54/Chombo/lib//src/BoxTools -I/cephfs/home/gam54/Chombo/lib//src/BaseTools   -DUSE_AHFINDER -I/usr/local/software/spack/spack-views/maths-2024.1/petsc-3.21.1/gcc-11.4.0/openmpi-5.0.3/xp576je5obiryoo4ihelore2w3l25cb3/include -DCH_LANG_CC -c ../../Source/GRChomboCore/BoundaryConditions.cpp -o o/2d_ch.Linux.64.mpicxx.gfortran.OPTHIGH.MPI.OPENMPCC.GCC11.4.0/BoundaryConditions.o
mpicxx  -g -O3 -march=native -ffast-math -funroll-loops -std=c++14 -Wno-unused-but-set-variable -Wno-long-long -Wno-sign-compare -Wno-deprecated -ftemplate-depth-99  -Wno-unused-local-typedefs -Wno-literal-suffix -Wno-invalid-offsetof -Wno-variadic-macros -fopenmp    -DCH_SPACEDIM=2 -DCH_Linux   -DNDEBUG  -DCH_MPI -DMPICH_SKIP_MPICXX -ULAM_WANT_MPI2CPP -DMPI_NO_CPPBIND     -DCH_USE_COMPLEX -DCH_NAMESPACE      -DCH_USE_64    -DCH_USE_DOUBLE -DCH_USE_HDF5 -I/usr/local/software/spack/spack-views/maths-2024.1/hdf5-1.14.3/gcc-11.4.0/openmpi-5.0.3/yazuxb7xjl6hib3jadr64357xknk2onh//include -DUSE_TWOPUNCTURES  -I. -I../../Source/utils -I../../Source/simd -I../../Source/CCZ4 -I../../Source/Matter -I../../Source/Cartoon -I../../Source/BoxUtils -I../../Source/GRChomboCore -I../../Source/TaggingCriteria -I../../Source/AMRInterpolator -I../../Source/InitialConditions/BlackHoles -I../../Source/InitialConditions/ScalarFields -I../../Source/InitialConditions/BosonStars -I../../Source/InitialConditions/ThinShell -I../../Source/InitialConditions/BosonStars/SingleStar -I../../Source/ApparentHorizonFinder -I../../Source/BlackHoles     -DCH_USE_LAPACK   -DCH_FORT_UNDERSCORE -I/cephfs/home/gam54/Chombo/lib//src/AMRTimeDependent -I/cephfs/home/gam54/Chombo/lib//src/AMRTools -I/cephfs/home/gam54/Chombo/lib//src/BoxTools -I/cephfs/home/gam54/Chombo/lib//src/BaseTools   -DUSE_AHFINDER -I/usr/local/software/spack/spack-views/maths-2024.1/petsc-3.21.1/gcc-11.4.0/openmpi-5.0.3/xp576je5obiryoo4ihelore2w3l25cb3/include -DCH_LANG_CC -c ../../Source/GRChomboCore/GRAMR.cpp -o o/2d_ch.Linux.64.mpicxx.gfortran.OPTHIGH.MPI.OPENMPCC.GCC11.4.0/GRAMR.o
mpicxx  -g -O3 -march=native -ffast-math -funroll-loops -std=c++14 -Wno-unused-but-set-variable -Wno-long-long -Wno-sign-compare -Wno-deprecated -ftemplate-depth-99  -Wno-unused-local-typedefs -Wno-literal-suffix -Wno-invalid-offsetof -Wno-variadic-macros -fopenmp    -DCH_SPACEDIM=2 -DCH_Linux   -DNDEBUG  -DCH_MPI -DMPICH_SKIP_MPICXX -ULAM_WANT_MPI2CPP -DMPI_NO_CPPBIND     -DCH_USE_COMPLEX -DCH_NAMESPACE      -DCH_USE_64    -DCH_USE_DOUBLE -DCH_USE_HDF5 -I/usr/local/software/spack/spack-views/maths-2024.1/hdf5-1.14.3/gcc-11.4.0/openmpi-5.0.3/yazuxb7xjl6hib3jadr64357xknk2onh//include -DUSE_TWOPUNCTURES  -I. -I../../Source/utils -I../../Source/simd -I../../Source/CCZ4 -I../../Source/Matter -I../../Source/Cartoon -I../../Source/BoxUtils -I../../Source/GRChomboCore -I../../Source/TaggingCriteria -I../../Source/AMRInterpolator -I../../Source/InitialConditions/BlackHoles -I../../Source/InitialConditions/ScalarFields -I../../Source/InitialConditions/BosonStars -I../../Source/InitialConditions/ThinShell -I../../Source/InitialConditions/BosonStars/SingleStar -I../../Source/ApparentHorizonFinder -I../../Source/BlackHoles     -DCH_USE_LAPACK   -DCH_FORT_UNDERSCORE -I/cephfs/home/gam54/Chombo/lib//src/AMRTimeDependent -I/cephfs/home/gam54/Chombo/lib//src/AMRTools -I/cephfs/home/gam54/Chombo/lib//src/BoxTools -I/cephfs/home/gam54/Chombo/lib//src/BaseTools   -DUSE_AHFINDER -I/usr/local/software/spack/spack-views/maths-2024.1/petsc-3.21.1/gcc-11.4.0/openmpi-5.0.3/xp576je5obiryoo4ihelore2w3l25cb3/include -DCH_LANG_CC -c ../../Source/GRChomboCore/GRAMRLevel.cpp -o o/2d_ch.Linux.64.mpicxx.gfortran.OPTHIGH.MPI.OPENMPCC.GCC11.4.0/GRAMRLevel.o
mpicxx  -g -O3 -march=native -ffast-math -funroll-loops -std=c++14 -Wno-unused-but-set-variable -Wno-long-long -Wno-sign-compare -Wno-deprecated -ftemplate-depth-99  -Wno-unused-local-typedefs -Wno-literal-suffix -Wno-invalid-offsetof -Wno-variadic-macros -fopenmp    -DCH_SPACEDIM=2 -DCH_Linux   -DNDEBUG  -DCH_MPI -DMPICH_SKIP_MPICXX -ULAM_WANT_MPI2CPP -DMPI_NO_CPPBIND     -DCH_USE_COMPLEX -DCH_NAMESPACE      -DCH_USE_64    -DCH_USE_DOUBLE -DCH_USE_HDF5 -I/usr/local/software/spack/spack-views/maths-2024.1/hdf5-1.14.3/gcc-11.4.0/openmpi-5.0.3/yazuxb7xjl6hib3jadr64357xknk2onh//include -DUSE_TWOPUNCTURES  -I. -I../../Source/utils -I../../Source/simd -I../../Source/CCZ4 -I../../Source/Matter -I../../Source/Cartoon -I../../Source/BoxUtils -I../../Source/GRChomboCore -I../../Source/TaggingCriteria -I../../Source/AMRInterpolator -I../../Source/InitialConditions/BlackHoles -I../../Source/InitialConditions/ScalarFields -I../../Source/InitialConditions/BosonStars -I../../Source/InitialConditions/ThinShell -I../../Source/InitialConditions/BosonStars/SingleStar -I../../Source/ApparentHorizonFinder -I../../Source/BlackHoles     -DCH_USE_LAPACK   -DCH_FORT_UNDERSCORE -I/cephfs/home/gam54/Chombo/lib//src/AMRTimeDependent -I/cephfs/home/gam54/Chombo/lib//src/AMRTools -I/cephfs/home/gam54/Chombo/lib//src/BoxTools -I/cephfs/home/gam54/Chombo/lib//src/BaseTools   -DUSE_AHFINDER -I/usr/local/software/spack/spack-views/maths-2024.1/petsc-3.21.1/gcc-11.4.0/openmpi-5.0.3/xp576je5obiryoo4ihelore2w3l25cb3/include -DCH_LANG_CC -c ../../Source/GRChomboCore/GRLevelData.cpp -o o/2d_ch.Linux.64.mpicxx.gfortran.OPTHIGH.MPI.OPENMPCC.GCC11.4.0/GRLevelData.o
mpicxx  -g -O3 -march=native -ffast-math -funroll-loops -std=c++14 -Wno-unused-but-set-variable -Wno-long-long -Wno-sign-compare -Wno-deprecated -ftemplate-depth-99  -Wno-unused-local-typedefs -Wno-literal-suffix -Wno-invalid-offsetof -Wno-variadic-macros -fopenmp    -DCH_SPACEDIM=2 -DCH_Linux   -DNDEBUG  -DCH_MPI -DMPICH_SKIP_MPICXX -ULAM_WANT_MPI2CPP -DMPI_NO_CPPBIND     -DCH_USE_COMPLEX -DCH_NAMESPACE      -DCH_USE_64    -DCH_USE_DOUBLE -DCH_USE_HDF5 -I/usr/local/software/spack/spack-views/maths-2024.1/hdf5-1.14.3/gcc-11.4.0/openmpi-5.0.3/yazuxb7xjl6hib3jadr64357xknk2onh//include -DUSE_TWOPUNCTURES  -I. -I../../Source/utils -I../../Source/simd -I../../Source/CCZ4 -I../../Source/Matter -I../../Source/Cartoon -I../../Source/BoxUtils -I../../Source/GRChomboCore -I../../Source/TaggingCriteria -I../../Source/AMRInterpolator -I../../Source/InitialConditions/BlackHoles -I../../Source/InitialConditions/ScalarFields -I../../Source/InitialConditions/BosonStars -I../../Source/InitialConditions/ThinShell -I../../Source/InitialConditions/BosonStars/SingleStar -I../../Source/ApparentHorizonFinder -I../../Source/BlackHoles     -DCH_USE_LAPACK   -DCH_FORT_UNDERSCORE -I/cephfs/home/gam54/Chombo/lib//src/AMRTimeDependent -I/cephfs/home/gam54/Chombo/lib//src/AMRTools -I/cephfs/home/gam54/Chombo/lib//src/BoxTools -I/cephfs/home/gam54/Chombo/lib//src/BaseTools   -DUSE_AHFINDER -I/usr/local/software/spack/spack-views/maths-2024.1/petsc-3.21.1/gcc-11.4.0/openmpi-5.0.3/xp576je5obiryoo4ihelore2w3l25cb3/include -DCH_LANG_CC -c ../../Source/ApparentHorizonFinder/PETScCommunicator.cpp -o o/2d_ch.Linux.64.mpicxx.gfortran.OPTHIGH.MPI.OPENMPCC.GCC11.4.0/PETScCommunicator.o
mpicxx  -g -O3 -march=native -ffast-math -funroll-loops -std=c++14 -Wno-unused-but-set-variable -Wno-long-long -Wno-sign-compare -Wno-deprecated -ftemplate-depth-99  -Wno-unused-local-typedefs -Wno-literal-suffix -Wno-invalid-offsetof -Wno-variadic-macros -fopenmp    -DCH_SPACEDIM=2 -DCH_Linux   -DNDEBUG  -DCH_MPI -DMPICH_SKIP_MPICXX -ULAM_WANT_MPI2CPP -DMPI_NO_CPPBIND     -DCH_USE_COMPLEX -DCH_NAMESPACE      -DCH_USE_64    -DCH_USE_DOUBLE -DCH_USE_HDF5 -I/usr/local/software/spack/spack-views/maths-2024.1/hdf5-1.14.3/gcc-11.4.0/openmpi-5.0.3/yazuxb7xjl6hib3jadr64357xknk2onh//include -DUSE_TWOPUNCTURES  -I. -I../../Source/utils -I../../Source/simd -I../../Source/CCZ4 -I../../Source/Matter -I../../Source/Cartoon -I../../Source/BoxUtils -I../../Source/GRChomboCore -I../../Source/TaggingCriteria -I../../Source/AMRInterpolator -I../../Source/InitialConditions/BlackHoles -I../../Source/InitialConditions/ScalarFields -I../../Source/InitialConditions/BosonStars -I../../Source/InitialConditions/ThinShell -I../../Source/InitialConditions/BosonStars/SingleStar -I../../Source/ApparentHorizonFinder -I../../Source/BlackHoles     -DCH_USE_LAPACK   -DCH_FORT_UNDERSCORE -I/cephfs/home/gam54/Chombo/lib//src/AMRTimeDependent -I/cephfs/home/gam54/Chombo/lib//src/AMRTools -I/cephfs/home/gam54/Chombo/lib//src/BoxTools -I/cephfs/home/gam54/Chombo/lib//src/BaseTools   -DUSE_AHFINDER -I/usr/local/software/spack/spack-views/maths-2024.1/petsc-3.21.1/gcc-11.4.0/openmpi-5.0.3/xp576je5obiryoo4ihelore2w3l25cb3/include -DCH_LANG_CC -c ../../Source/BlackHoles/PunctureTracker.cpp -o o/2d_ch.Linux.64.mpicxx.gfortran.OPTHIGH.MPI.OPENMPCC.GCC11.4.0/PunctureTracker.o
mpicxx  -g -O3 -march=native -ffast-math -funroll-loops -std=c++14 -Wno-unused-but-set-variable -Wno-long-long -Wno-sign-compare -Wno-deprecated -ftemplate-depth-99  -Wno-unused-local-typedefs -Wno-literal-suffix -Wno-invalid-offsetof -Wno-variadic-macros -fopenmp    -DCH_SPACEDIM=2 -DCH_Linux   -DNDEBUG  -DCH_MPI -DMPICH_SKIP_MPICXX -ULAM_WANT_MPI2CPP -DMPI_NO_CPPBIND     -DCH_USE_COMPLEX -DCH_NAMESPACE      -DCH_USE_64    -DCH_USE_DOUBLE -DCH_USE_HDF5 -I/usr/local/software/spack/spack-views/maths-2024.1/hdf5-1.14.3/gcc-11.4.0/openmpi-5.0.3/yazuxb7xjl6hib3jadr64357xknk2onh//include -DUSE_TWOPUNCTURES  -I. -I../../Source/utils -I../../Source/simd -I../../Source/CCZ4 -I../../Source/Matter -I../../Source/Cartoon -I../../Source/BoxUtils -I../../Source/GRChomboCore -I../../Source/TaggingCriteria -I../../Source/AMRInterpolator -I../../Source/InitialConditions/BlackHoles -I../../Source/InitialConditions/ScalarFields -I../../Source/InitialConditions/BosonStars -I../../Source/InitialConditions/ThinShell -I../../Source/InitialConditions/BosonStars/SingleStar -I../../Source/ApparentHorizonFinder -I../../Source/BlackHoles     -DCH_USE_LAPACK   -DCH_FORT_UNDERSCORE -I/cephfs/home/gam54/Chombo/lib//src/AMRTimeDependent -I/cephfs/home/gam54/Chombo/lib//src/AMRTools -I/cephfs/home/gam54/Chombo/lib//src/BoxTools -I/cephfs/home/gam54/Chombo/lib//src/BaseTools   -DUSE_AHFINDER -I/usr/local/software/spack/spack-views/maths-2024.1/petsc-3.21.1/gcc-11.4.0/openmpi-5.0.3/xp576je5obiryoo4ihelore2w3l25cb3/include -DCH_LANG_CC -c ScalarField2DLevel.cpp -o o/2d_ch.Linux.64.mpicxx.gfortran.OPTHIGH.MPI.OPENMPCC.GCC11.4.0/ScalarField2DLevel.o
In file included from ../../Source/InitialConditions/BosonStars/BosonStar.hpp:11,
                 from ScalarField2DLevel.cpp:35:
../../Source/InitialConditions/ThinShell/ThinShellSolution.hpp:10:7: warning: ‘ThinShellSolution’ has a field ‘ThinShellSolution::ASpline’ whose type uses the anonymous namespace [-Wsubobject-linkage]
   10 | class ThinShellSolution
      |       ^~~~~~~~~~~~~~~~~
../../Source/InitialConditions/ThinShell/ThinShellSolution.hpp:10:7: warning: ‘ThinShellSolution’ has a field ‘ThinShellSolution::PhiSpline’ whose type uses the anonymous namespace [-Wsubobject-linkage]
../../Source/InitialConditions/ThinShell/ThinShellSolution.hpp:10:7: warning: ‘ThinShellSolution’ has a field ‘ThinShellSolution::fSpline’ whose type uses the anonymous namespace [-Wsubobject-linkage]
../../Source/InitialConditions/ThinShell/ThinShellSolution.hpp:10:7: warning: ‘ThinShellSolution’ has a field ‘ThinShellSolution::r_from_R_Spline’ whose type uses the anonymous namespace [-Wsubobject-linkage]
../../Source/InitialConditions/ThinShell/ThinShellSolution.hpp:10:7: warning: ‘ThinShellSolution’ has a field ‘ThinShellSolution::XSpline’ whose type uses the anonymous namespace [-Wsubobject-linkage]
ScalarField2DLevel.cpp: In member function ‘virtual void ScalarField2DLevel::computeTaggingCriterion(Chombo::FArrayBox&, const Chombo::FArrayBox&, double)’:
ScalarField2DLevel.cpp:133:14: error: ‘class SimulationParameters’ has no member named ‘do_star_track’
  133 |      if (m_p.do_star_track == true)
      |              ^~~~~~~~~~~~~
ScalarField2DLevel.cpp:135:52: error: ‘class SimulationParameters’ has no member named ‘tag_radius_A’
  135 |         const vector<double> puncture_radii = {m_p.tag_radius_A,
      |                                                    ^~~~~~~~~~~~
ScalarField2DLevel.cpp:136:53: error: ‘class SimulationParameters’ has no member named ‘tag_radius_B’
  136 |                                                 m_p.tag_radius_B};
      |                                                     ^~~~~~~~~~~~
ScalarField2DLevel.cpp:136:65: error: could not convert ‘{<expression error>, <expression error>}’ from ‘<brace-enclosed initializer list>’ to ‘const std::vector<double, std::allocator<double> >’
  136 |                                                 m_p.tag_radius_B};
      |                                                                 ^
      |                                                                 |
      |                                                                 <brace-enclosed initializer list>
ScalarField2DLevel.cpp:137:70: error: ‘struct BosonStar_params_t’ has no member named ‘mass’
  137 |         const vector<double> puncture_masses = {m_p.bosonstar_params.mass,
      |                                                                      ^~~~
ScalarField2DLevel.cpp:138:71: error: ‘struct BosonStar_params_t’ has no member named ‘mass’
  138 |                                                 m_p.bosonstar2_params.mass};
      |                                                                       ^~~~
ScalarField2DLevel.cpp:138:75: error: could not convert ‘{<expression error>, <expression error>}’ from ‘<brace-enclosed initializer list>’ to ‘const std::vector<double, std::allocator<double> >’
  138 |                                                 m_p.bosonstar2_params.mass};
      |                                                                           ^
      |                                                                           |
      |                                                                           <brace-enclosed initializer list>
ScalarField2DLevel.cpp:141:13: error: ‘m_st_amr’ was not declared in this scope; did you mean ‘m_bh_amr’?
  141 |             m_st_amr.m_star_tracker.get_puncture_coords();
      |             ^~~~~~~~
      |             m_bh_amr
ScalarField2DLevel.cpp:144:47: error: ‘class SimulationParameters’ has no member named ‘tag_horizons_max_levels’
  144 |                            m_dx, m_level, m_p.tag_horizons_max_levels,
      |                                               ^~~~~~~~~~~~~~~~~~~~~~~
ScalarField2DLevel.cpp:145:28: error: ‘class SimulationParameters’ has no member named ‘tag_punctures_max_levels’
  145 |                        m_p.tag_punctures_max_levels, m_p.extraction_params,
      |                            ^~~~~~~~~~~~~~~~~~~~~~~~
ScalarField2DLevel.cpp:147:32: error: ‘class SimulationParameters’ has no member named ‘do_star_track’
  147 |                            m_p.do_star_track, puncture_radii, puncture_masses, m_p.tag_buffer),
      |                                ^~~~~~~~~~~~~
ScalarField2DLevel.cpp:147:84: error: ‘class SimulationParameters’ has no member named ‘tag_buffer’; did you mean ‘tag_buffer_size’?
  147 |                            m_p.do_star_track, puncture_radii, puncture_masses, m_p.tag_buffer),
      |                                                                                    ^~~~~~~~~~
      |                                                                                    tag_buffer_size
make[1]: *** [/cephfs/home/gam54/Chombo/lib//mk/Make.rules:476: o/2d_ch.Linux.64.mpicxx.gfortran.OPTHIGH.MPI.OPENMPCC.GCC11.4.0/ScalarField2DLevel.o] Error 1
make[1]: *** Waiting for unfinished jobs....
make: *** [/cephfs/home/gam54/Chombo/lib//mk/Make.rules:332: all-test] Error 2
